Wed Jul 22 12:02:05 CEST 2020 Scarico tabella RCU.RCU_POD_TECN in corso...
Wed Jul 22 12:02:05 CEST 2020 Scarico tabella CMG.PRT_CMG in corso...
Wed Jul 22 12:02:05 CEST 2020 Scarico tabella CMG.PRT_CMG_DEF in corso...
Wed Jul 22 12:02:05 CEST 2020 Scarico tabella CMG.PRT_CMG_FILE in corso...
Wed Jul 22 12:02:05 CEST 2020 Scarico tabella CMG.PRT_CMG_FUI in corso...
Wed Jul 22 12:02:05 CEST 2020 Scarico tabella CMG.PRT_CMG_RSL in corso...
Wed Jul 22 12:02:05 CEST 2020 Scarico tabella CMG.PRT_CMG_SW1 in corso...
Wed Jul 22 12:02:05 CEST 2020 Scarico tabella PRT_RCUGAS.RCUGAS_TEMP_VA1 in corso...
Wed Jul 22 12:02:05 CEST 2020 Scarico tabella RCU.RCU_AZIENDA in corso...
Wed Jul 22 12:02:05 CEST 2020 Scarico tabella RCU.RCU_CLIENTEFINALE in corso...
Wed Jul 22 12:02:05 CEST 2020 Scarico tabella RCU.RCU_FASCE_MISURATORE_2G in corso...
Wed Jul 22 12:02:05 CEST 2020 Scarico tabella RCU.RCU_FORNITURA in corso...
Wed Jul 22 12:02:05 CEST 2020 Scarico tabella RCU.RCU_INDIRIZZO in corso...
Wed Jul 22 12:02:05 CEST 2020 Scarico tabella RCU.RCU_MISURATORE_2G in corso...
Wed Jul 22 12:02:05 CEST 2020 Scarico tabella RCU.RCU_POD in corso...
Wed Jul 22 12:02:05 CEST 2020 Scarico tabella RCU.RCU_POD_DISTR in corso...
Wed Jul 22 12:02:05 CEST 2020 Scarico tabella RCU.RCU_POD_MISURE in corso...
Wed Jul 22 12:02:05 CEST 2020 Scarico tabella RCU.RCU_POD_STATO in corso...
Wed Jul 22 12:02:05 CEST 2020 Scarico tabella RCU.RCU_POD_UDD in corso...
Wed Jul 22 12:02:05 CEST 2020 Scarico tabella RCU.RCU_RESIDENZA in corso...
Wed Jul 22 12:02:05 CEST 2020 Scarico tabella RCU.RCU_TARIFFA in corso...
Wed Jul 22 12:02:05 CEST 2020 Scarico tabella RCU.RCU_UDD in corso...
Wed Jul 22 12:02:05 CEST 2020 Scarico tabella RCU.RCU_DISTR_EMT in corso...
Wed Jul 22 12:02:05 CEST 2020 Scarico tabella RCUGAS.RCUGAS_CLIENTEFINALE in corso...
Wed Jul 22 12:02:05 CEST 2020 Scarico tabella RCUGAS.RCUGAS_CONNESSIONI_DISTR in corso...
Wed Jul 22 12:02:05 CEST 2020 Scarico tabella RCUGAS.RCUGAS_CONNESSIONI_DISTR2 in corso...
Wed Jul 22 12:02:05 CEST 2020 Scarico tabella RCUGAS.RCUGAS_DISTRIBUTORE in corso...
Wed Jul 22 12:02:05 CEST 2020 Scarico tabella RCUGAS.RCUGAS_FORNITURA in corso...
Wed Jul 22 12:02:05 CEST 2020 Scarico tabella RCUGAS.RCUGAS_INDIRIZZI in corso...
Wed Jul 22 12:02:05 CEST 2020 Scarico tabella RCUGAS.RCUGAS_MASSIVO in corso...
Wed Jul 22 12:02:05 CEST 2020 Scarico tabella RCUGAS.RCUGAS_PDR in corso...
Wed Jul 22 12:02:05 CEST 2020 Scarico tabella RCUGAS.RCUGAS_PDR_DATIPRELIEVO in corso...
Wed Jul 22 12:02:05 CEST 2020 Scarico tabella RCUGAS.RCUGAS_PDR_MISURATORE in corso...
Wed Jul 22 12:02:05 CEST 2020 Scarico tabella RCUGAS.RCUGAS_RESIDENZA in corso...
Wed Jul 22 12:02:05 CEST 2020 Scarico tabella RCUGAS.RCUGAS_VENDITORE in corso...
Wed Jul 22 12:02:05 CEST 2020 Scarico tabella RCUS.RCUS_FORNITURA in corso...
Wed Jul 22 12:02:05 CEST 2020 Scarico tabella RCUGAS.RCUGAS_BILANCIAMENTO in corso...
Wed Jul 22 12:02:05 CEST 2020 Scarico tabella RCUS.RCUS_POD in corso...
Wed Jul 22 12:02:05 CEST 2020 Scarico tabella RCUS.RCUS_POD_DISTR in corso...
Wed Jul 22 12:02:05 CEST 2020 Scarico tabella RCUS.RCUS_POD_PODTECN in corso...
Wed Jul 22 12:02:05 CEST 2020 Scarico tabella RCUS.RCUS_POD_UDD in corso...
Wed Jul 22 12:02:05 CEST 2020 Scarico tabella RCUS.RCUS_PODMISURE in corso...
Wed Jul 22 12:02:05 CEST 2020 Scarico tabella RCUS.RCUS_PODTECN in corso...
Wed Jul 22 12:02:05 CEST 2020 Scarico tabella RCUS.RCUS_PODSTATO in corso...
Wed Jul 22 12:02:05 CEST 2020 Scarico tabella SWITCH_GAS.PRT_SWG in corso...
Wed Jul 22 12:02:06 CEST 2020 Scarico tabella SWITCH_GAS.PRT_VTG in corso...
Wed Jul 22 12:02:06 CEST 2020 Scarico tabella SWITCH_GAS.PRT_VTG_OPERAZIONE in corso...
Wed Jul 22 12:02:06 CEST 2020 Scarico tabella SWTCH.PRT_SE in corso...
Wed Jul 22 12:02:06 CEST 2020 Scarico tabella TISG.PRT_SAG in corso...
Wed Jul 22 12:02:06 CEST 2020 Scarico tabella TISG.PRT_SAG_FILE in corso...
Wed Jul 22 12:02:06 CEST 2020 Scarico tabella TMPOD.PRT_TMO in corso...
Wed Jul 22 12:02:06 CEST 2020 Scarico tabella TMPOD.PRT_TMO_AGGREGATI_CALCOLATI in corso...
Wed Jul 22 12:02:06 CEST 2020 Scarico tabella TMPOD.PRT_TMO_FILE in corso...
Wed Jul 22 12:02:06 CEST 2020 Scarico tabella USERAPPL.T001_APP_PRT_PRATICHE in corso...
Wed Jul 22 12:02:06 CEST 2020 Scarico tabella USERAPPL.T033_APP_CPF_RUOLI_AU in corso...
Wed Jul 22 12:02:06 CEST 2020 Scarico tabella USERAPPL.T035_APP_CPF_UTENTI_RUOLI_AU in corso...
Wed Jul 22 12:02:06 CEST 2020 Scarico vista RCU.V_RCU_AZIENDA in corso...
Wed Jul 22 12:02:06 CEST 2020 Scarico tabella TMPOD_CLOUD.FORZARE_TRATTAMENTO_TOT_AM in corso...
Wed Jul 22 12:02:47 CEST 2020 Importazione dati tabella CMG.PRT_CMG completata con successo.

Logging initialized using configuration in jar:file:/opt/cloudera/parcels/CDH-5.16.2-1.cdh5.16.2.p0.8/jars/hive-common-1.1.0-cdh5.16.2.jar!/hive-log4j.properties
OK
Time taken: 2.596 seconds
OK
Time taken: 0.355 seconds
OK
Time taken: 0.22 seconds
Query ID = leonardo_20200722120202_d3201094-360f-441b-817b-3bf7e304ae6d
Total jobs = 3
Launching Job 1 out of 3
Number of reduce tasks is set to 0 since there's no reduce operator
Starting Job = job_1594834509377_0307, Tracking URL = http://dmphclo15.siiau.local:8088/proxy/application_1594834509377_0307/
Kill Command = /opt/cloudera/parcels/CDH-5.16.2-1.cdh5.16.2.p0.8/lib/hadoop/bin/hadoop job  -kill job_1594834509377_0307
Hadoop job information for Stage-1: number of mappers: 3; number of reducers: 0
2020-07-22 12:03:03,610 Stage-1 map = 0%,  reduce = 0%
2020-07-22 12:03:08,943 Stage-1 map = 67%,  reduce = 0%, Cumulative CPU 9.69 sec
2020-07-22 12:03:10,003 Stage-1 map = 100%,  reduce = 0%, Cumulative CPU 15.86 sec
MapReduce Total cumulative CPU time: 15 seconds 860 msec
Ended Job = job_1594834509377_0307
Stage-4 is filtered out by condition resolver.
Stage-3 is selected by condition resolver.
Stage-5 is filtered out by condition resolver.
Launching Job 3 out of 3
Number of reduce tasks is set to 0 since there's no reduce operator
Starting Job = job_1594834509377_0311, Tracking URL = http://dmphclo15.siiau.local:8088/proxy/application_1594834509377_0311/
Kill Command = /opt/cloudera/parcels/CDH-5.16.2-1.cdh5.16.2.p0.8/lib/hadoop/bin/hadoop job  -kill job_1594834509377_0311
Hadoop job information for Stage-3: number of mappers: 1; number of reducers: 0
2020-07-22 12:03:17,073 Stage-3 map = 0%,  reduce = 0%
2020-07-22 12:03:25,550 Stage-3 map = 100%,  reduce = 0%, Cumulative CPU 7.14 sec
MapReduce Total cumulative CPU time: 7 seconds 140 msec
Ended Job = job_1594834509377_0311
Moving data to: /user/hive/warehouse/acquirente_unico/sqoop/cmg.prt_cmg_p
Table cmg.prt_cmg_p stats: [numFiles=1, numRows=19066, totalSize=1160379, rawDataSize=305056]
MapReduce Jobs Launched: 
Stage-Stage-1: Map: 3   Cumulative CPU: 15.86 sec   HDFS Read: 2387303 HDFS Write: 1212687 SUCCESS
Stage-Stage-3: Map: 1   Cumulative CPU: 7.14 sec   HDFS Read: 1219833 HDFS Write: 1160379 SUCCESS
Total MapReduce CPU Time Spent: 23 seconds 0 msec
OK
Time taken: 30.73 seconds
OK
Time taken: 0.158 seconds
WARN: The method class org.apache.commons.logging.impl.SLF4JLogFactory#release() was invoked.
WARN: Please see http://www.slf4j.org/codes.html#release for an explanation.
Wed Jul 22 12:03:27 CEST 2020 ERRORE nella creazione della tabella CMG.PRT_CMG_p
Wed Jul 22 12:03:27 CEST 2020 Importazione tabella CMG.PRT_CMG completato
Wed Jul 22 12:02:48 CEST 2020 Importazione dati tabella CMG.PRT_CMG_FUI completata con successo.

Logging initialized using configuration in jar:file:/opt/cloudera/parcels/CDH-5.16.2-1.cdh5.16.2.p0.8/jars/hive-common-1.1.0-cdh5.16.2.jar!/hive-log4j.properties
OK
Time taken: 2.635 seconds
OK
Time taken: 0.385 seconds
OK
Time taken: 0.204 seconds
Query ID = leonardo_20200722120202_d371bf7e-bb10-4195-8eef-e889ee5e2313
Total jobs = 3
Launching Job 1 out of 3
Number of reduce tasks is set to 0 since there's no reduce operator
Starting Job = job_1594834509377_0308, Tracking URL = http://dmphclo15.siiau.local:8088/proxy/application_1594834509377_0308/
Kill Command = /opt/cloudera/parcels/CDH-5.16.2-1.cdh5.16.2.p0.8/lib/hadoop/bin/hadoop job  -kill job_1594834509377_0308
Hadoop job information for Stage-1: number of mappers: 3; number of reducers: 0
2020-07-22 12:03:04,646 Stage-1 map = 0%,  reduce = 0%
2020-07-22 12:03:10,117 Stage-1 map = 100%,  reduce = 0%, Cumulative CPU 16.09 sec
MapReduce Total cumulative CPU time: 16 seconds 90 msec
Ended Job = job_1594834509377_0308
Stage-4 is filtered out by condition resolver.
Stage-3 is selected by condition resolver.
Stage-5 is filtered out by condition resolver.
Launching Job 3 out of 3
Number of reduce tasks is set to 0 since there's no reduce operator
Starting Job = job_1594834509377_0312, Tracking URL = http://dmphclo15.siiau.local:8088/proxy/application_1594834509377_0312/
Kill Command = /opt/cloudera/parcels/CDH-5.16.2-1.cdh5.16.2.p0.8/lib/hadoop/bin/hadoop job  -kill job_1594834509377_0312
Hadoop job information for Stage-3: number of mappers: 1; number of reducers: 0
2020-07-22 12:03:17,312 Stage-3 map = 0%,  reduce = 0%
2020-07-22 12:03:26,886 Stage-3 map = 100%,  reduce = 0%, Cumulative CPU 9.03 sec
MapReduce Total cumulative CPU time: 9 seconds 30 msec
Ended Job = job_1594834509377_0312
Moving data to: /user/hive/warehouse/acquirente_unico/sqoop/cmg.prt_cmg_fui_p
Table cmg.prt_cmg_fui_p stats: [numFiles=1, numRows=17799, totalSize=1418553, rawDataSize=498372]
MapReduce Jobs Launched: 
Stage-Stage-1: Map: 3   Cumulative CPU: 16.09 sec   HDFS Read: 3553061 HDFS Write: 1431382 SUCCESS
Stage-Stage-3: Map: 1   Cumulative CPU: 9.03 sec   HDFS Read: 1442145 HDFS Write: 1418553 SUCCESS
Total MapReduce CPU Time Spent: 25 seconds 120 msec
OK
Time taken: 30.982 seconds
OK
Time taken: 0.159 seconds
WARN: The method class org.apache.commons.logging.impl.SLF4JLogFactory#release() was invoked.
WARN: Please see http://www.slf4j.org/codes.html#release for an explanation.
Wed Jul 22 12:03:29 CEST 2020 ERRORE nella creazione della tabella CMG.PRT_CMG_FUI_p
Wed Jul 22 12:03:29 CEST 2020 Importazione tabella CMG.PRT_CMG_FUI completato
Wed Jul 22 12:03:06 CEST 2020 Importazione dati tabella RCU.RCU_POD_UDD completata con successo.
Wed Jul 22 12:03:53 CEST 2020 Creazione tabella RCU.RCU_POD_UDD_p completata con successo.
Wed Jul 22 12:03:53 CEST 2020 Importazione tabella RCU.RCU_POD_UDD completato
Wed Jul 22 12:03:29 CEST 2020 Importazione dati tabella RCU.RCU_DISTR_EMT completata con successo.
Wed Jul 22 12:03:54 CEST 2020 Creazione tabella RCU.RCU_DISTR_EMT_p completata con successo.
Wed Jul 22 12:03:54 CEST 2020 Importazione tabella RCU.RCU_DISTR_EMT completato
Wed Jul 22 12:03:00 CEST 2020 Importazione dati tabella PRT_RCUGAS.RCUGAS_TEMP_VA1 completata con successo.
Wed Jul 22 12:03:58 CEST 2020 Creazione tabella PRT_RCUGAS.RCUGAS_TEMP_VA1_p completata con successo.
Wed Jul 22 12:03:58 CEST 2020 Importazione tabella PRT_RCUGAS.RCUGAS_TEMP_VA1 completato
Wed Jul 22 12:03:00 CEST 2020 Importazione dati tabella CMG.PRT_CMG_SW1 completata con successo.
Wed Jul 22 12:03:58 CEST 2020 Creazione tabella CMG.PRT_CMG_SW1_p completata con successo.
Wed Jul 22 12:03:58 CEST 2020 Importazione tabella CMG.PRT_CMG_SW1 completato
Wed Jul 22 12:03:33 CEST 2020 Importazione dati tabella RCU.RCU_MISURATORE_2G completata con successo.

Logging initialized using configuration in jar:file:/opt/cloudera/parcels/CDH-5.16.2-1.cdh5.16.2.p0.8/jars/hive-common-1.1.0-cdh5.16.2.jar!/hive-log4j.properties
OK
Time taken: 2.583 seconds
OK
Time taken: 0.332 seconds
OK
Time taken: 0.196 seconds
Query ID = leonardo_20200722120303_66a39b67-fc70-4f70-a628-ca03555844cc
Total jobs = 3
Launching Job 1 out of 3
Number of reduce tasks is set to 0 since there's no reduce operator
Starting Job = job_1594834509377_0319, Tracking URL = http://dmphclo15.siiau.local:8088/proxy/application_1594834509377_0319/
Kill Command = /opt/cloudera/parcels/CDH-5.16.2-1.cdh5.16.2.p0.8/lib/hadoop/bin/hadoop job  -kill job_1594834509377_0319
Hadoop job information for Stage-1: number of mappers: 3; number of reducers: 0
2020-07-22 12:03:49,628 Stage-1 map = 0%,  reduce = 0%
2020-07-22 12:03:59,132 Stage-1 map = 33%,  reduce = 0%, Cumulative CPU 10.77 sec
2020-07-22 12:04:03,366 Stage-1 map = 67%,  reduce = 0%, Cumulative CPU 25.17 sec
2020-07-22 12:04:04,412 Stage-1 map = 100%,  reduce = 0%, Cumulative CPU 42.35 sec
MapReduce Total cumulative CPU time: 42 seconds 350 msec
Ended Job = job_1594834509377_0319
Stage-4 is filtered out by condition resolver.
Stage-3 is selected by condition resolver.
Stage-5 is filtered out by condition resolver.
Launching Job 3 out of 3
Number of reduce tasks is set to 0 since there's no reduce operator
Starting Job = job_1594834509377_0330, Tracking URL = http://dmphclo15.siiau.local:8088/proxy/application_1594834509377_0330/
Kill Command = /opt/cloudera/parcels/CDH-5.16.2-1.cdh5.16.2.p0.8/lib/hadoop/bin/hadoop job  -kill job_1594834509377_0330
Hadoop job information for Stage-3: number of mappers: 1; number of reducers: 0
2020-07-22 12:04:12,529 Stage-3 map = 0%,  reduce = 0%
2020-07-22 12:04:26,142 Stage-3 map = 100%,  reduce = 0%, Cumulative CPU 27.43 sec
MapReduce Total cumulative CPU time: 27 seconds 430 msec
Ended Job = job_1594834509377_0330
Moving data to: /user/hive/warehouse/acquirente_unico/sqoop/rcu.rcu_misuratore_2g_p
Table rcu.rcu_misuratore_2g_p stats: [numFiles=1, numRows=742253, totalSize=46670785, rawDataSize=20783084]
MapReduce Jobs Launched: 
Stage-Stage-1: Map: 3   Cumulative CPU: 42.35 sec   HDFS Read: 138364595 HDFS Write: 47243986 SUCCESS
Stage-Stage-3: Map: 1   Cumulative CPU: 27.43 sec   HDFS Read: 47256278 HDFS Write: 46670785 SUCCESS
Total MapReduce CPU Time Spent: 1 minutes 9 seconds 780 msec
OK
Time taken: 45.21 seconds
OK
Time taken: 0.137 seconds
WARN: The method class org.apache.commons.logging.impl.SLF4JLogFactory#release() was invoked.
WARN: Please see http://www.slf4j.org/codes.html#release for an explanation.
Wed Jul 22 12:04:28 CEST 2020 ERRORE nella creazione della tabella RCU.RCU_MISURATORE_2G_p
Wed Jul 22 12:04:28 CEST 2020 Importazione tabella RCU.RCU_MISURATORE_2G completato
Wed Jul 22 12:04:13 CEST 2020 Importazione dati vista RCU.V_RCU_AZIENDA completata con successo.
Wed Jul 22 12:04:40 CEST 2020 Creazione vista  RCU.V_RCU_AZIENDA_p completata con successo.
Wed Jul 22 12:04:40 CEST 2020 Scarico vista RCUGAS.V_RCUGAS_DISTRIBUTORE in corso...
Wed Jul 22 12:04:00 CEST 2020 Importazione dati tabella CMG.PRT_CMG_FILE completata con successo.
Wed Jul 22 12:04:59 CEST 2020 Creazione tabella CMG.PRT_CMG_FILE_p completata con successo.
Wed Jul 22 12:04:59 CEST 2020 Importazione tabella CMG.PRT_CMG_FILE completato
Wed Jul 22 12:04:15 CEST 2020 Importazione dati tabella TISG.PRT_SAG completata con successo.

Logging initialized using configuration in jar:file:/opt/cloudera/parcels/CDH-5.16.2-1.cdh5.16.2.p0.8/jars/hive-common-1.1.0-cdh5.16.2.jar!/hive-log4j.properties
OK
Time taken: 2.749 seconds
OK
Time taken: 0.457 seconds
OK
Time taken: 0.192 seconds
Query ID = leonardo_20200722120404_c19b448b-d79d-4b7d-bca2-c633ae056963
Total jobs = 3
Launching Job 1 out of 3
Number of reduce tasks is set to 0 since there's no reduce operator
Starting Job = job_1594834509377_0343, Tracking URL = http://dmphclo15.siiau.local:8088/proxy/application_1594834509377_0343/
Kill Command = /opt/cloudera/parcels/CDH-5.16.2-1.cdh5.16.2.p0.8/lib/hadoop/bin/hadoop job  -kill job_1594834509377_0343
Hadoop job information for Stage-1: number of mappers: 2; number of reducers: 0
2020-07-22 12:04:32,707 Stage-1 map = 0%,  reduce = 0%
2020-07-22 12:04:39,099 Stage-1 map = 100%,  reduce = 0%, Cumulative CPU 10.54 sec
MapReduce Total cumulative CPU time: 10 seconds 540 msec
Ended Job = job_1594834509377_0343
Stage-4 is filtered out by condition resolver.
Stage-3 is selected by condition resolver.
Stage-5 is filtered out by condition resolver.
Launching Job 3 out of 3
Number of reduce tasks is set to 0 since there's no reduce operator
Starting Job = job_1594834509377_0364, Tracking URL = http://dmphclo15.siiau.local:8088/proxy/application_1594834509377_0364/
Kill Command = /opt/cloudera/parcels/CDH-5.16.2-1.cdh5.16.2.p0.8/lib/hadoop/bin/hadoop job  -kill job_1594834509377_0364
Hadoop job information for Stage-3: number of mappers: 1; number of reducers: 0
2020-07-22 12:04:49,826 Stage-3 map = 0%,  reduce = 0%
2020-07-22 12:04:59,254 Stage-3 map = 100%,  reduce = 0%, Cumulative CPU 5.43 sec
MapReduce Total cumulative CPU time: 5 seconds 430 msec
Ended Job = job_1594834509377_0364
Moving data to: /user/hive/warehouse/acquirente_unico/sqoop/tisg.prt_sag_p
Table tisg.prt_sag_p stats: [numFiles=1, numRows=1213, totalSize=96301, rawDataSize=15769]
MapReduce Jobs Launched: 
Stage-Stage-1: Map: 2   Cumulative CPU: 10.54 sec   HDFS Read: 131361 HDFS Write: 103130 SUCCESS
Stage-Stage-3: Map: 1   Cumulative CPU: 5.43 sec   HDFS Read: 108389 HDFS Write: 96301 SUCCESS
Total MapReduce CPU Time Spent: 15 seconds 970 msec
OK
Time taken: 35.858 seconds
OK
Time taken: 0.14 seconds
WARN: The method class org.apache.commons.logging.impl.SLF4JLogFactory#release() was invoked.
WARN: Please see http://www.slf4j.org/codes.html#release for an explanation.
Wed Jul 22 12:05:01 CEST 2020 ERRORE nella creazione della tabella TISG.PRT_SAG_p
Wed Jul 22 12:05:01 CEST 2020 Importazione tabella TISG.PRT_SAG completato
Wed Jul 22 12:04:16 CEST 2020 Importazione dati tabella RCU.RCU_AZIENDA completata con successo.

Logging initialized using configuration in jar:file:/opt/cloudera/parcels/CDH-5.16.2-1.cdh5.16.2.p0.8/jars/hive-common-1.1.0-cdh5.16.2.jar!/hive-log4j.properties
OK
Time taken: 2.72 seconds
OK
Time taken: 0.483 seconds
OK
Time taken: 0.207 seconds
Query ID = leonardo_20200722120404_a77a7ce5-9b9c-4428-8b60-139763b0e7c0
Total jobs = 3
Launching Job 1 out of 3
Number of reduce tasks is set to 0 since there's no reduce operator
Starting Job = job_1594834509377_0345, Tracking URL = http://dmphclo15.siiau.local:8088/proxy/application_1594834509377_0345/
Kill Command = /opt/cloudera/parcels/CDH-5.16.2-1.cdh5.16.2.p0.8/lib/hadoop/bin/hadoop job  -kill job_1594834509377_0345
Hadoop job information for Stage-1: number of mappers: 3; number of reducers: 0
2020-07-22 12:04:33,593 Stage-1 map = 0%,  reduce = 0%
2020-07-22 12:04:41,046 Stage-1 map = 100%,  reduce = 0%, Cumulative CPU 15.81 sec
MapReduce Total cumulative CPU time: 15 seconds 810 msec
Ended Job = job_1594834509377_0345
Stage-4 is filtered out by condition resolver.
Stage-3 is selected by condition resolver.
Stage-5 is filtered out by condition resolver.
Launching Job 3 out of 3
Number of reduce tasks is set to 0 since there's no reduce operator
Starting Job = job_1594834509377_0367, Tracking URL = http://dmphclo15.siiau.local:8088/proxy/application_1594834509377_0367/
Kill Command = /opt/cloudera/parcels/CDH-5.16.2-1.cdh5.16.2.p0.8/lib/hadoop/bin/hadoop job  -kill job_1594834509377_0367
Hadoop job information for Stage-3: number of mappers: 1; number of reducers: 0
2020-07-22 12:04:52,716 Stage-3 map = 0%,  reduce = 0%
2020-07-22 12:05:02,327 Stage-3 map = 100%,  reduce = 0%, Cumulative CPU 5.1 sec
MapReduce Total cumulative CPU time: 5 seconds 100 msec
Ended Job = job_1594834509377_0367
Moving data to: /user/hive/warehouse/acquirente_unico/sqoop/rcu.rcu_azienda_p
Table rcu.rcu_azienda_p stats: [numFiles=1, numRows=1525, totalSize=191934, rawDataSize=19825]
MapReduce Jobs Launched: 
Stage-Stage-1: Map: 3   Cumulative CPU: 15.81 sec   HDFS Read: 211256 HDFS Write: 195976 SUCCESS
Stage-Stage-3: Map: 1   Cumulative CPU: 5.1 sec   HDFS Read: 202371 HDFS Write: 191934 SUCCESS
Total MapReduce CPU Time Spent: 20 seconds 910 msec
OK
Time taken: 37.938 seconds
OK
Time taken: 0.145 seconds
WARN: The method class org.apache.commons.logging.impl.SLF4JLogFactory#release() was invoked.
WARN: Please see http://www.slf4j.org/codes.html#release for an explanation.
Wed Jul 22 12:05:04 CEST 2020 ERRORE nella creazione della tabella RCU.RCU_AZIENDA_p
Wed Jul 22 12:05:04 CEST 2020 Importazione tabella RCU.RCU_AZIENDA completato
Wed Jul 22 12:04:31 CEST 2020 Importazione dati tabella RCU.RCU_UDD completata con successo.
Wed Jul 22 12:05:06 CEST 2020 Creazione tabella RCU.RCU_UDD_p completata con successo.
Wed Jul 22 12:05:06 CEST 2020 Importazione tabella RCU.RCU_UDD completato
Wed Jul 22 12:04:12 CEST 2020 Importazione dati tabella RCUGAS.RCUGAS_INDIRIZZI completata con successo.
Wed Jul 22 12:05:09 CEST 2020 Creazione tabella RCUGAS.RCUGAS_INDIRIZZI_p completata con successo.
Wed Jul 22 12:05:09 CEST 2020 Importazione tabella RCUGAS.RCUGAS_INDIRIZZI completato
Wed Jul 22 12:04:22 CEST 2020 Importazione dati tabella TMPOD.PRT_TMO completata con successo.

Logging initialized using configuration in jar:file:/opt/cloudera/parcels/CDH-5.16.2-1.cdh5.16.2.p0.8/jars/hive-common-1.1.0-cdh5.16.2.jar!/hive-log4j.properties
OK
Time taken: 3.062 seconds
OK
Time taken: 0.376 seconds
OK
Time taken: 0.202 seconds
Query ID = leonardo_20200722120404_13c24110-5493-4b5d-97db-bbb305ab0743
Total jobs = 3
Launching Job 1 out of 3
Number of reduce tasks is set to 0 since there's no reduce operator
Starting Job = job_1594834509377_0357, Tracking URL = http://dmphclo15.siiau.local:8088/proxy/application_1594834509377_0357/
Kill Command = /opt/cloudera/parcels/CDH-5.16.2-1.cdh5.16.2.p0.8/lib/hadoop/bin/hadoop job  -kill job_1594834509377_0357
Hadoop job information for Stage-1: number of mappers: 3; number of reducers: 0
2020-07-22 12:04:43,373 Stage-1 map = 0%,  reduce = 0%
2020-07-22 12:04:51,878 Stage-1 map = 33%,  reduce = 0%, Cumulative CPU 6.01 sec
2020-07-22 12:04:53,969 Stage-1 map = 67%,  reduce = 0%, Cumulative CPU 13.11 sec
2020-07-22 12:04:55,005 Stage-1 map = 100%,  reduce = 0%, Cumulative CPU 22.63 sec
MapReduce Total cumulative CPU time: 22 seconds 630 msec
Ended Job = job_1594834509377_0357
Stage-4 is filtered out by condition resolver.
Stage-3 is selected by condition resolver.
Stage-5 is filtered out by condition resolver.
Launching Job 3 out of 3
Number of reduce tasks is set to 0 since there's no reduce operator
Starting Job = job_1594834509377_0382, Tracking URL = http://dmphclo15.siiau.local:8088/proxy/application_1594834509377_0382/
Kill Command = /opt/cloudera/parcels/CDH-5.16.2-1.cdh5.16.2.p0.8/lib/hadoop/bin/hadoop job  -kill job_1594834509377_0382
Hadoop job information for Stage-3: number of mappers: 1; number of reducers: 0
2020-07-22 12:05:02,125 Stage-3 map = 0%,  reduce = 0%
2020-07-22 12:05:09,419 Stage-3 map = 100%,  reduce = 0%, Cumulative CPU 6.88 sec
MapReduce Total cumulative CPU time: 6 seconds 880 msec
Ended Job = job_1594834509377_0382
Moving data to: /user/hive/warehouse/acquirente_unico/sqoop/tmpod.prt_tmo_p
Table tmpod.prt_tmo_p stats: [numFiles=1, numRows=72093, totalSize=2530544, rawDataSize=1009302]
MapReduce Jobs Launched: 
Stage-Stage-1: Map: 3   Cumulative CPU: 22.63 sec   HDFS Read: 6714052 HDFS Write: 2548236 SUCCESS
Stage-Stage-3: Map: 1   Cumulative CPU: 6.88 sec   HDFS Read: 2554866 HDFS Write: 2530544 SUCCESS
Total MapReduce CPU Time Spent: 29 seconds 510 msec
OK
Time taken: 37.3 seconds
OK
Time taken: 0.148 seconds
WARN: The method class org.apache.commons.logging.impl.SLF4JLogFactory#release() was invoked.
WARN: Please see http://www.slf4j.org/codes.html#release for an explanation.
Wed Jul 22 12:05:11 CEST 2020 ERRORE nella creazione della tabella TMPOD.PRT_TMO_p
Wed Jul 22 12:05:11 CEST 2020 Importazione tabella TMPOD.PRT_TMO completato
Wed Jul 22 12:04:41 CEST 2020 Importazione dati tabella RCUGAS.RCUGAS_DISTRIBUTORE completata con successo.
Wed Jul 22 12:05:13 CEST 2020 Creazione tabella RCUGAS.RCUGAS_DISTRIBUTORE_p completata con successo.
Wed Jul 22 12:05:13 CEST 2020 Importazione tabella RCUGAS.RCUGAS_DISTRIBUTORE completato
Wed Jul 22 12:04:26 CEST 2020 Importazione dati tabella RCUGAS.RCUGAS_BILANCIAMENTO completata con successo.
Wed Jul 22 12:05:33 CEST 2020 Creazione tabella RCUGAS.RCUGAS_BILANCIAMENTO_p completata con successo.
Wed Jul 22 12:05:33 CEST 2020 Importazione tabella RCUGAS.RCUGAS_BILANCIAMENTO completato
Wed Jul 22 12:05:06 CEST 2020 Importazione dati tabella USERAPPL.T033_APP_CPF_RUOLI_AU completata con successo.
Wed Jul 22 12:05:34 CEST 2020 Creazione tabella USERAPPL.T033_APP_CPF_RUOLI_AU_p completata con successo.
Wed Jul 22 12:05:34 CEST 2020 Importazione tabella USERAPPL.T033_APP_CPF_RUOLI_AU completato
Wed Jul 22 12:04:58 CEST 2020 Importazione dati tabella RCU.RCU_FASCE_MISURATORE_2G completata con successo.
Wed Jul 22 12:05:35 CEST 2020 Creazione tabella RCU.RCU_FASCE_MISURATORE_2G_p completata con successo.
Wed Jul 22 12:05:35 CEST 2020 Importazione tabella RCU.RCU_FASCE_MISURATORE_2G completato
Wed Jul 22 12:04:52 CEST 2020 Importazione dati tabella RCUGAS.RCUGAS_VENDITORE completata con successo.

Logging initialized using configuration in jar:file:/opt/cloudera/parcels/CDH-5.16.2-1.cdh5.16.2.p0.8/jars/hive-common-1.1.0-cdh5.16.2.jar!/hive-log4j.properties
OK
Time taken: 2.597 seconds
OK
Time taken: 0.434 seconds
OK
Time taken: 0.21 seconds
Query ID = leonardo_20200722120505_434104f4-c0cf-493f-82c3-a42701bed216
Total jobs = 3
Launching Job 1 out of 3
Number of reduce tasks is set to 0 since there's no reduce operator
Starting Job = job_1594834509377_0384, Tracking URL = http://dmphclo15.siiau.local:8088/proxy/application_1594834509377_0384/
Kill Command = /opt/cloudera/parcels/CDH-5.16.2-1.cdh5.16.2.p0.8/lib/hadoop/bin/hadoop job  -kill job_1594834509377_0384
Hadoop job information for Stage-1: number of mappers: 2; number of reducers: 0
2020-07-22 12:05:10,526 Stage-1 map = 0%,  reduce = 0%
2020-07-22 12:05:16,824 Stage-1 map = 50%,  reduce = 0%, Cumulative CPU 4.96 sec
2020-07-22 12:05:18,949 Stage-1 map = 100%,  reduce = 0%, Cumulative CPU 10.1 sec
MapReduce Total cumulative CPU time: 10 seconds 100 msec
Ended Job = job_1594834509377_0384
Stage-4 is filtered out by condition resolver.
Stage-3 is selected by condition resolver.
Stage-5 is filtered out by condition resolver.
Launching Job 3 out of 3
Number of reduce tasks is set to 0 since there's no reduce operator
Starting Job = job_1594834509377_0390, Tracking URL = http://dmphclo15.siiau.local:8088/proxy/application_1594834509377_0390/
Kill Command = /opt/cloudera/parcels/CDH-5.16.2-1.cdh5.16.2.p0.8/lib/hadoop/bin/hadoop job  -kill job_1594834509377_0390
Hadoop job information for Stage-3: number of mappers: 1; number of reducers: 0
2020-07-22 12:05:28,133 Stage-3 map = 0%,  reduce = 0%
2020-07-22 12:05:34,504 Stage-3 map = 100%,  reduce = 0%, Cumulative CPU 3.33 sec
MapReduce Total cumulative CPU time: 3 seconds 330 msec
Ended Job = job_1594834509377_0390
Moving data to: /user/hive/warehouse/acquirente_unico/sqoop/rcugas.rcugas_venditore_p
Table rcugas.rcugas_venditore_p stats: [numFiles=1, numRows=758, totalSize=71435, rawDataSize=7580]
MapReduce Jobs Launched: 
Stage-Stage-1: Map: 2   Cumulative CPU: 10.1 sec   HDFS Read: 93358 HDFS Write: 73118 SUCCESS
Stage-Stage-3: Map: 1   Cumulative CPU: 3.33 sec   HDFS Read: 77514 HDFS Write: 71435 SUCCESS
Total MapReduce CPU Time Spent: 13 seconds 430 msec
OK
Time taken: 34.76 seconds
OK
Time taken: 0.108 seconds
WARN: The method class org.apache.commons.logging.impl.SLF4JLogFactory#release() was invoked.
WARN: Please see http://www.slf4j.org/codes.html#release for an explanation.
Wed Jul 22 12:05:36 CEST 2020 ERRORE nella creazione della tabella RCUGAS.RCUGAS_VENDITORE_p
Wed Jul 22 12:05:36 CEST 2020 Importazione tabella RCUGAS.RCUGAS_VENDITORE completato
Wed Jul 22 12:04:45 CEST 2020 Importazione dati tabella RCUGAS.RCUGAS_CONNESSIONI_DISTR completata con successo.
Wed Jul 22 12:05:39 CEST 2020 Creazione tabella RCUGAS.RCUGAS_CONNESSIONI_DISTR_p completata con successo.
Wed Jul 22 12:05:39 CEST 2020 Importazione tabella RCUGAS.RCUGAS_CONNESSIONI_DISTR completato
Wed Jul 22 12:05:14 CEST 2020 Importazione dati vista RCUGAS.V_RCUGAS_DISTRIBUTORE completata con successo.
Wed Jul 22 12:05:41 CEST 2020 Creazione vista  RCUGAS.V_RCUGAS_DISTRIBUTORE_p completata con successo.
Wed Jul 22 12:05:41 CEST 2020 Scarico vista TMPOD_CLOUD.DISTR_AZ in corso...
Wed Jul 22 12:05:02 CEST 2020 Importazione dati tabella USERAPPL.T035_APP_CPF_UTENTI_RUOLI_AU completata con successo.

Logging initialized using configuration in jar:file:/opt/cloudera/parcels/CDH-5.16.2-1.cdh5.16.2.p0.8/jars/hive-common-1.1.0-cdh5.16.2.jar!/hive-log4j.properties
OK
Time taken: 2.736 seconds
OK
Time taken: 0.352 seconds
OK
Time taken: 0.171 seconds
Query ID = leonardo_20200722120505_1c3091ad-17ba-447a-96ef-cf1648d01c77
Total jobs = 3
Launching Job 1 out of 3
Number of reduce tasks is set to 0 since there's no reduce operator
Starting Job = job_1594834509377_0387, Tracking URL = http://dmphclo15.siiau.local:8088/proxy/application_1594834509377_0387/
Kill Command = /opt/cloudera/parcels/CDH-5.16.2-1.cdh5.16.2.p0.8/lib/hadoop/bin/hadoop job  -kill job_1594834509377_0387
Hadoop job information for Stage-1: number of mappers: 2; number of reducers: 0
2020-07-22 12:05:21,260 Stage-1 map = 0%,  reduce = 0%
2020-07-22 12:05:27,648 Stage-1 map = 50%,  reduce = 0%, Cumulative CPU 4.78 sec
2020-07-22 12:05:29,767 Stage-1 map = 100%,  reduce = 0%, Cumulative CPU 9.31 sec
MapReduce Total cumulative CPU time: 9 seconds 310 msec
Ended Job = job_1594834509377_0387
Stage-4 is filtered out by condition resolver.
Stage-3 is selected by condition resolver.
Stage-5 is filtered out by condition resolver.
Launching Job 3 out of 3
Number of reduce tasks is set to 0 since there's no reduce operator
Starting Job = job_1594834509377_0394, Tracking URL = http://dmphclo15.siiau.local:8088/proxy/application_1594834509377_0394/
Kill Command = /opt/cloudera/parcels/CDH-5.16.2-1.cdh5.16.2.p0.8/lib/hadoop/bin/hadoop job  -kill job_1594834509377_0394
Hadoop job information for Stage-3: number of mappers: 1; number of reducers: 0
2020-07-22 12:05:37,917 Stage-3 map = 0%,  reduce = 0%
2020-07-22 12:05:46,298 Stage-3 map = 100%,  reduce = 0%, Cumulative CPU 4.1 sec
MapReduce Total cumulative CPU time: 4 seconds 100 msec
Ended Job = job_1594834509377_0394
Moving data to: /user/hive/warehouse/acquirente_unico/sqoop/userappl.t035_app_cpf_utenti_ruoli_au_p
Table userappl.t035_app_cpf_utenti_ruoli_au_p stats: [numFiles=1, numRows=3231, totalSize=34544, rawDataSize=9693]
MapReduce Jobs Launched: 
Stage-Stage-1: Map: 2   Cumulative CPU: 9.31 sec   HDFS Read: 47165 HDFS Write: 39806 SUCCESS
Stage-Stage-3: Map: 1   Cumulative CPU: 4.1 sec   HDFS Read: 42538 HDFS Write: 34544 SUCCESS
Total MapReduce CPU Time Spent: 13 seconds 410 msec
OK
Time taken: 36.773 seconds
OK
Time taken: 0.253 seconds
WARN: The method class org.apache.commons.logging.impl.SLF4JLogFactory#release() was invoked.
WARN: Please see http://www.slf4j.org/codes.html#release for an explanation.
Wed Jul 22 12:05:48 CEST 2020 ERRORE nella creazione della tabella USERAPPL.T035_APP_CPF_UTENTI_RUOLI_AU_p
Wed Jul 22 12:05:48 CEST 2020 Importazione tabella USERAPPL.T035_APP_CPF_UTENTI_RUOLI_AU completato
Wed Jul 22 12:05:02 CEST 2020 Importazione dati tabella CMG.PRT_CMG_DEF completata con successo.

Logging initialized using configuration in jar:file:/opt/cloudera/parcels/CDH-5.16.2-1.cdh5.16.2.p0.8/jars/hive-common-1.1.0-cdh5.16.2.jar!/hive-log4j.properties
OK
Time taken: 2.683 seconds
OK
Time taken: 0.348 seconds
OK
Time taken: 0.183 seconds
Query ID = leonardo_20200722120505_1ec54999-85f7-44b6-b63c-d9265d04d0a7
Total jobs = 3
Launching Job 1 out of 3
Number of reduce tasks is set to 0 since there's no reduce operator
Starting Job = job_1594834509377_0388, Tracking URL = http://dmphclo15.siiau.local:8088/proxy/application_1594834509377_0388/
Kill Command = /opt/cloudera/parcels/CDH-5.16.2-1.cdh5.16.2.p0.8/lib/hadoop/bin/hadoop job  -kill job_1594834509377_0388
Hadoop job information for Stage-1: number of mappers: 2; number of reducers: 0
2020-07-22 12:05:21,003 Stage-1 map = 0%,  reduce = 0%
2020-07-22 12:05:28,392 Stage-1 map = 50%,  reduce = 0%, Cumulative CPU 6.78 sec
2020-07-22 12:05:31,512 Stage-1 map = 100%,  reduce = 0%, Cumulative CPU 12.5 sec
MapReduce Total cumulative CPU time: 12 seconds 500 msec
Ended Job = job_1594834509377_0388
Stage-4 is filtered out by condition resolver.
Stage-3 is selected by condition resolver.
Stage-5 is filtered out by condition resolver.
Launching Job 3 out of 3
Number of reduce tasks is set to 0 since there's no reduce operator
Starting Job = job_1594834509377_0396, Tracking URL = http://dmphclo15.siiau.local:8088/proxy/application_1594834509377_0396/
Kill Command = /opt/cloudera/parcels/CDH-5.16.2-1.cdh5.16.2.p0.8/lib/hadoop/bin/hadoop job  -kill job_1594834509377_0396
Hadoop job information for Stage-3: number of mappers: 1; number of reducers: 0
2020-07-22 12:05:39,756 Stage-3 map = 0%,  reduce = 0%
2020-07-22 12:05:47,023 Stage-3 map = 100%,  reduce = 0%, Cumulative CPU 7.35 sec
MapReduce Total cumulative CPU time: 7 seconds 350 msec
Ended Job = job_1594834509377_0396
Moving data to: /user/hive/warehouse/acquirente_unico/sqoop/cmg.prt_cmg_def_p
Table cmg.prt_cmg_def_p stats: [numFiles=1, numRows=25775, totalSize=1972116, rawDataSize=721700]
MapReduce Jobs Launched: 
Stage-Stage-1: Map: 2   Cumulative CPU: 12.5 sec   HDFS Read: 5122313 HDFS Write: 1991526 SUCCESS
Stage-Stage-3: Map: 1   Cumulative CPU: 7.35 sec   HDFS Read: 1999724 HDFS Write: 1972116 SUCCESS
Total MapReduce CPU Time Spent: 19 seconds 850 msec
OK
Time taken: 36.798 seconds
OK
Time taken: 0.136 seconds
WARN: The method class org.apache.commons.logging.impl.SLF4JLogFactory#release() was invoked.
WARN: Please see http://www.slf4j.org/codes.html#release for an explanation.
Wed Jul 22 12:05:49 CEST 2020 ERRORE nella creazione della tabella CMG.PRT_CMG_DEF_p
Wed Jul 22 12:05:49 CEST 2020 Importazione tabella CMG.PRT_CMG_DEF completato
Wed Jul 22 12:04:49 CEST 2020 Importazione dati tabella RCUGAS.RCUGAS_CONNESSIONI_DISTR2 completata con successo.
Wed Jul 22 12:05:51 CEST 2020 Creazione tabella RCUGAS.RCUGAS_CONNESSIONI_DISTR2_p completata con successo.
Wed Jul 22 12:05:51 CEST 2020 Importazione tabella RCUGAS.RCUGAS_CONNESSIONI_DISTR2 completato
Wed Jul 22 12:04:30 CEST 2020 Importazione dati tabella RCUGAS.RCUGAS_PDR_MISURATORE completata con successo.
Wed Jul 22 12:05:52 CEST 2020 Creazione tabella RCUGAS.RCUGAS_PDR_MISURATORE_p completata con successo.
Wed Jul 22 12:05:52 CEST 2020 Importazione tabella RCUGAS.RCUGAS_PDR_MISURATORE completato
Wed Jul 22 12:05:21 CEST 2020 Importazione dati tabella CMG.PRT_CMG_RSL completata con successo.
Wed Jul 22 12:05:59 CEST 2020 Creazione tabella CMG.PRT_CMG_RSL_p completata con successo.
Wed Jul 22 12:05:59 CEST 2020 Importazione tabella CMG.PRT_CMG_RSL completato
Wed Jul 22 12:05:20 CEST 2020 Importazione dati tabella TMPOD_CLOUD.FORZARE_TRATTAMENTO_TOT_AM completata con successo.

Logging initialized using configuration in jar:file:/opt/cloudera/parcels/CDH-5.16.2-1.cdh5.16.2.p0.8/jars/hive-common-1.1.0-cdh5.16.2.jar!/hive-log4j.properties
OK
Time taken: 2.642 seconds
OK
Time taken: 0.306 seconds
OK
Time taken: 0.188 seconds
Query ID = leonardo_20200722120505_9e8753de-1e31-406b-b1ce-359da1df3057
Total jobs = 3
Launching Job 1 out of 3
Number of reduce tasks is set to 0 since there's no reduce operator
Starting Job = job_1594834509377_0393, Tracking URL = http://dmphclo15.siiau.local:8088/proxy/application_1594834509377_0393/
Kill Command = /opt/cloudera/parcels/CDH-5.16.2-1.cdh5.16.2.p0.8/lib/hadoop/bin/hadoop job  -kill job_1594834509377_0393
Hadoop job information for Stage-1: number of mappers: 4; number of reducers: 0
2020-07-22 12:05:37,838 Stage-1 map = 0%,  reduce = 0%
2020-07-22 12:05:44,211 Stage-1 map = 50%,  reduce = 0%, Cumulative CPU 8.58 sec
2020-07-22 12:05:45,256 Stage-1 map = 100%,  reduce = 0%, Cumulative CPU 19.28 sec
MapReduce Total cumulative CPU time: 19 seconds 280 msec
Ended Job = job_1594834509377_0393
Stage-4 is filtered out by condition resolver.
Stage-3 is selected by condition resolver.
Stage-5 is filtered out by condition resolver.
Launching Job 3 out of 3
Number of reduce tasks is set to 0 since there's no reduce operator
Starting Job = job_1594834509377_0399, Tracking URL = http://dmphclo15.siiau.local:8088/proxy/application_1594834509377_0399/
Kill Command = /opt/cloudera/parcels/CDH-5.16.2-1.cdh5.16.2.p0.8/lib/hadoop/bin/hadoop job  -kill job_1594834509377_0399
Hadoop job information for Stage-3: number of mappers: 1; number of reducers: 0
2020-07-22 12:05:54,593 Stage-3 map = 0%,  reduce = 0%
2020-07-22 12:06:01,161 Stage-3 map = 100%,  reduce = 0%, Cumulative CPU 5.03 sec
MapReduce Total cumulative CPU time: 5 seconds 30 msec
Ended Job = job_1594834509377_0399
Moving data to: /user/hive/warehouse/acquirente_unico/sqoop/tmpod_cloud.forzare_trattamento_tot_am_p
Table tmpod_cloud.forzare_trattamento_tot_am_p stats: [numFiles=1, numRows=21512, totalSize=209135, rawDataSize=43024]
MapReduce Jobs Launched: 
Stage-Stage-1: Map: 4   Cumulative CPU: 19.28 sec   HDFS Read: 492628 HDFS Write: 267970 SUCCESS
Stage-Stage-3: Map: 1   Cumulative CPU: 5.03 sec   HDFS Read: 271000 HDFS Write: 209135 SUCCESS
Total MapReduce CPU Time Spent: 24 seconds 310 msec
OK
Time taken: 32.996 seconds
OK
Time taken: 0.155 seconds
WARN: The method class org.apache.commons.logging.impl.SLF4JLogFactory#release() was invoked.
WARN: Please see http://www.slf4j.org/codes.html#release for an explanation.
Wed Jul 22 12:06:03 CEST 2020 ERRORE nella creazione della tabella TMPOD_CLOUD.FORZARE_TRATTAMENTO_TOT_AM_p
Wed Jul 22 12:06:03 CEST 2020 Importazione tabella TMPOD_CLOUD.FORZARE_TRATTAMENTO_TOT_AM completato
Wed Jul 22 12:05:14 CEST 2020 Importazione dati tabella RCUS.RCUS_POD_DISTR completata con successo.
Wed Jul 22 12:06:07 CEST 2020 Creazione tabella RCUS.RCUS_POD_DISTR_p completata con successo.
Wed Jul 22 12:06:07 CEST 2020 Importazione tabella RCUS.RCUS_POD_DISTR completato
Wed Jul 22 12:05:28 CEST 2020 Importazione dati tabella TISG.PRT_SAG_FILE completata con successo.

Logging initialized using configuration in jar:file:/opt/cloudera/parcels/CDH-5.16.2-1.cdh5.16.2.p0.8/jars/hive-common-1.1.0-cdh5.16.2.jar!/hive-log4j.properties
OK
Time taken: 2.698 seconds
OK
Time taken: 0.343 seconds
OK
Time taken: 0.195 seconds
Query ID = leonardo_20200722120505_cac8ed83-9488-436c-ad2a-6d838bdc03e3
Total jobs = 3
Launching Job 1 out of 3
Number of reduce tasks is set to 0 since there's no reduce operator
Starting Job = job_1594834509377_0398, Tracking URL = http://dmphclo15.siiau.local:8088/proxy/application_1594834509377_0398/
Kill Command = /opt/cloudera/parcels/CDH-5.16.2-1.cdh5.16.2.p0.8/lib/hadoop/bin/hadoop job  -kill job_1594834509377_0398
Hadoop job information for Stage-1: number of mappers: 3; number of reducers: 0
2020-07-22 12:05:46,672 Stage-1 map = 0%,  reduce = 0%
2020-07-22 12:05:54,045 Stage-1 map = 67%,  reduce = 0%, Cumulative CPU 13.27 sec
2020-07-22 12:05:57,180 Stage-1 map = 100%,  reduce = 0%, Cumulative CPU 23.24 sec
MapReduce Total cumulative CPU time: 23 seconds 240 msec
Ended Job = job_1594834509377_0398
Stage-4 is filtered out by condition resolver.
Stage-3 is selected by condition resolver.
Stage-5 is filtered out by condition resolver.
Launching Job 3 out of 3
Number of reduce tasks is set to 0 since there's no reduce operator
Starting Job = job_1594834509377_0406, Tracking URL = http://dmphclo15.siiau.local:8088/proxy/application_1594834509377_0406/
Kill Command = /opt/cloudera/parcels/CDH-5.16.2-1.cdh5.16.2.p0.8/lib/hadoop/bin/hadoop job  -kill job_1594834509377_0406
Hadoop job information for Stage-3: number of mappers: 1; number of reducers: 0
2020-07-22 12:06:05,537 Stage-3 map = 0%,  reduce = 0%
2020-07-22 12:06:12,875 Stage-3 map = 100%,  reduce = 0%, Cumulative CPU 13.09 sec
MapReduce Total cumulative CPU time: 13 seconds 90 msec
Ended Job = job_1594834509377_0406
Moving data to: /user/hive/warehouse/acquirente_unico/sqoop/tisg.prt_sag_file_p
Table tisg.prt_sag_file_p stats: [numFiles=1, numRows=85115, totalSize=15239263, rawDataSize=2212990]
MapReduce Jobs Launched: 
Stage-Stage-1: Map: 3   Cumulative CPU: 23.24 sec   HDFS Read: 21483513 HDFS Write: 14885360 SUCCESS
Stage-Stage-3: Map: 1   Cumulative CPU: 13.09 sec   HDFS Read: 14896671 HDFS Write: 15239263 SUCCESS
Total MapReduce CPU Time Spent: 36 seconds 330 msec
OK
Time taken: 38.182 seconds
OK
Time taken: 0.149 seconds
WARN: The method class org.apache.commons.logging.impl.SLF4JLogFactory#release() was invoked.
WARN: Please see http://www.slf4j.org/codes.html#release for an explanation.
Wed Jul 22 12:06:16 CEST 2020 ERRORE nella creazione della tabella TISG.PRT_SAG_FILE_p
Wed Jul 22 12:06:16 CEST 2020 Importazione tabella TISG.PRT_SAG_FILE completato
Wed Jul 22 12:04:54 CEST 2020 Importazione dati tabella SWTCH.PRT_SE completata con successo.
Wed Jul 22 12:06:19 CEST 2020 Creazione tabella SWTCH.PRT_SE_p completata con successo.
Wed Jul 22 12:06:19 CEST 2020 Importazione tabella SWTCH.PRT_SE completato
Wed Jul 22 12:05:38 CEST 2020 Importazione dati tabella RCUGAS.RCUGAS_RESIDENZA completata con successo.
Wed Jul 22 12:06:21 CEST 2020 Creazione tabella RCUGAS.RCUGAS_RESIDENZA_p completata con successo.
Wed Jul 22 12:06:21 CEST 2020 Importazione tabella RCUGAS.RCUGAS_RESIDENZA completato
Wed Jul 22 12:05:41 CEST 2020 Importazione dati tabella SWITCH_GAS.PRT_VTG completata con successo.
Wed Jul 22 12:06:30 CEST 2020 Creazione tabella SWITCH_GAS.PRT_VTG_p completata con successo.
Wed Jul 22 12:06:30 CEST 2020 Importazione tabella SWITCH_GAS.PRT_VTG completato
Wed Jul 22 12:05:41 CEST 2020 Importazione dati tabella SWITCH_GAS.PRT_SWG completata con successo.
Wed Jul 22 12:06:32 CEST 2020 Creazione tabella SWITCH_GAS.PRT_SWG_p completata con successo.
Wed Jul 22 12:06:32 CEST 2020 Importazione tabella SWITCH_GAS.PRT_SWG completato
Wed Jul 22 12:06:06 CEST 2020 Importazione dati vista TMPOD_CLOUD.DISTR_AZ completata con successo.
Wed Jul 22 12:06:33 CEST 2020 Creazione vista  TMPOD_CLOUD.DISTR_AZ_p completata con successo.
Wed Jul 22 12:05:45 CEST 2020 Importazione dati tabella RCU.RCU_POD_STATO completata con successo.
Wed Jul 22 12:06:35 CEST 2020 Creazione tabella RCU.RCU_POD_STATO_p completata con successo.
Wed Jul 22 12:06:35 CEST 2020 Importazione tabella RCU.RCU_POD_STATO completato
Wed Jul 22 12:05:48 CEST 2020 Importazione dati tabella TMPOD.PRT_TMO_FILE completata con successo.
Wed Jul 22 12:06:45 CEST 2020 Creazione tabella TMPOD.PRT_TMO_FILE_p completata con successo.
Wed Jul 22 12:06:45 CEST 2020 Importazione tabella TMPOD.PRT_TMO_FILE completato
Wed Jul 22 12:05:59 CEST 2020 Importazione dati tabella RCU.RCU_POD_MISURE completata con successo.
Wed Jul 22 12:06:47 CEST 2020 Creazione tabella RCU.RCU_POD_MISURE_p completata con successo.
Wed Jul 22 12:06:47 CEST 2020 Importazione tabella RCU.RCU_POD_MISURE completato
Wed Jul 22 12:05:53 CEST 2020 Importazione dati tabella SWITCH_GAS.PRT_VTG_OPERAZIONE completata con successo.
Wed Jul 22 12:06:48 CEST 2020 Creazione tabella SWITCH_GAS.PRT_VTG_OPERAZIONE_p completata con successo.
Wed Jul 22 12:06:48 CEST 2020 Importazione tabella SWITCH_GAS.PRT_VTG_OPERAZIONE completato
Wed Jul 22 12:05:27 CEST 2020 Importazione dati tabella RCU.RCU_INDIRIZZO completata con successo.
Wed Jul 22 12:06:50 CEST 2020 Creazione tabella RCU.RCU_INDIRIZZO_p completata con successo.
Wed Jul 22 12:06:50 CEST 2020 Importazione tabella RCU.RCU_INDIRIZZO completato
Wed Jul 22 12:05:49 CEST 2020 Importazione dati tabella TMPOD.PRT_TMO_AGGREGATI_CALCOLATI completata con successo.
Wed Jul 22 12:07:11 CEST 2020 Creazione tabella TMPOD.PRT_TMO_AGGREGATI_CALCOLATI_p completata con successo.
Wed Jul 22 12:07:11 CEST 2020 Importazione tabella TMPOD.PRT_TMO_AGGREGATI_CALCOLATI completato
Wed Jul 22 12:06:36 CEST 2020 Importazione dati tabella RCUS.RCUS_PODSTATO completata con successo.
Wed Jul 22 12:07:40 CEST 2020 Creazione tabella RCUS.RCUS_PODSTATO_p completata con successo.
Wed Jul 22 12:07:40 CEST 2020 Importazione tabella RCUS.RCUS_PODSTATO completato
Wed Jul 22 12:06:47 CEST 2020 Importazione dati tabella RCUS.RCUS_POD_PODTECN completata con successo.
Wed Jul 22 12:07:44 CEST 2020 Creazione tabella RCUS.RCUS_POD_PODTECN_p completata con successo.
Wed Jul 22 12:07:44 CEST 2020 Importazione tabella RCUS.RCUS_POD_PODTECN completato
Wed Jul 22 12:06:48 CEST 2020 Importazione dati tabella RCUS.RCUS_POD completata con successo.
Wed Jul 22 12:07:45 CEST 2020 Creazione tabella RCUS.RCUS_POD_p completata con successo.
Wed Jul 22 12:07:45 CEST 2020 Importazione tabella RCUS.RCUS_POD completato
Wed Jul 22 12:06:43 CEST 2020 Importazione dati tabella RCUS.RCUS_PODMISURE completata con successo.
Wed Jul 22 12:07:48 CEST 2020 Creazione tabella RCUS.RCUS_PODMISURE_p completata con successo.
Wed Jul 22 12:07:48 CEST 2020 Importazione tabella RCUS.RCUS_PODMISURE completato
Wed Jul 22 12:06:56 CEST 2020 Importazione dati tabella RCUGAS.RCUGAS_CLIENTEFINALE completata con successo.
Wed Jul 22 12:07:58 CEST 2020 Creazione tabella RCUGAS.RCUGAS_CLIENTEFINALE_p completata con successo.
Wed Jul 22 12:07:58 CEST 2020 Importazione tabella RCUGAS.RCUGAS_CLIENTEFINALE completato
Wed Jul 22 12:07:00 CEST 2020 Importazione dati tabella RCUGAS.RCUGAS_PDR completata con successo.
Wed Jul 22 12:08:07 CEST 2020 Creazione tabella RCUGAS.RCUGAS_PDR_p completata con successo.
Wed Jul 22 12:08:07 CEST 2020 Importazione tabella RCUGAS.RCUGAS_PDR completato
Wed Jul 22 12:07:03 CEST 2020 Importazione dati tabella RCUS.RCUS_POD_UDD completata con successo.
Wed Jul 22 12:08:11 CEST 2020 Creazione tabella RCUS.RCUS_POD_UDD_p completata con successo.
Wed Jul 22 12:08:11 CEST 2020 Importazione tabella RCUS.RCUS_POD_UDD completato
Wed Jul 22 12:07:04 CEST 2020 Importazione dati tabella RCU.RCU_POD_DISTR completata con successo.
Wed Jul 22 12:08:11 CEST 2020 Creazione tabella RCU.RCU_POD_DISTR_p completata con successo.
Wed Jul 22 12:08:11 CEST 2020 Importazione tabella RCU.RCU_POD_DISTR completato
Wed Jul 22 12:07:24 CEST 2020 Importazione dati tabella RCU.RCU_RESIDENZA completata con successo.
Wed Jul 22 12:08:23 CEST 2020 Creazione tabella RCU.RCU_RESIDENZA_p completata con successo.
Wed Jul 22 12:08:23 CEST 2020 Importazione tabella RCU.RCU_RESIDENZA completato
Wed Jul 22 12:07:43 CEST 2020 Importazione dati tabella RCUGAS.RCUGAS_FORNITURA completata con successo.
Wed Jul 22 12:08:46 CEST 2020 Creazione tabella RCUGAS.RCUGAS_FORNITURA_p completata con successo.
Wed Jul 22 12:08:46 CEST 2020 Importazione tabella RCUGAS.RCUGAS_FORNITURA completato
Wed Jul 22 12:07:45 CEST 2020 Importazione dati tabella RCU.RCU_CLIENTEFINALE completata con successo.
Wed Jul 22 12:08:55 CEST 2020 Creazione tabella RCU.RCU_CLIENTEFINALE_p completata con successo.
Wed Jul 22 12:08:55 CEST 2020 Importazione tabella RCU.RCU_CLIENTEFINALE completato
Wed Jul 22 12:07:46 CEST 2020 Importazione dati tabella USERAPPL.T001_APP_PRT_PRATICHE completata con successo.
Wed Jul 22 12:08:57 CEST 2020 Creazione tabella USERAPPL.T001_APP_PRT_PRATICHE_p completata con successo.
Wed Jul 22 12:08:57 CEST 2020 Importazione tabella USERAPPL.T001_APP_PRT_PRATICHE completato
Wed Jul 22 12:08:42 CEST 2020 Importazione dati tabella RCU.RCU_TARIFFA completata con successo.
Wed Jul 22 12:10:06 CEST 2020 Creazione tabella RCU.RCU_TARIFFA_p completata con successo.
Wed Jul 22 12:10:06 CEST 2020 Importazione tabella RCU.RCU_TARIFFA completato
Wed Jul 22 12:08:42 CEST 2020 Importazione dati tabella RCUGAS.RCUGAS_MASSIVO completata con successo.
Wed Jul 22 12:10:16 CEST 2020 Creazione tabella RCUGAS.RCUGAS_MASSIVO_p completata con successo.
Wed Jul 22 12:10:16 CEST 2020 Importazione tabella RCUGAS.RCUGAS_MASSIVO completato
Wed Jul 22 12:09:19 CEST 2020 Importazione dati tabella RCUS.RCUS_PODTECN completata con successo.
Wed Jul 22 12:10:29 CEST 2020 Creazione tabella RCUS.RCUS_PODTECN_p completata con successo.
Wed Jul 22 12:10:29 CEST 2020 Importazione tabella RCUS.RCUS_PODTECN completato
Wed Jul 22 12:10:00 CEST 2020 Importazione dati tabella RCUGAS.RCUGAS_PDR_DATIPRELIEVO completata con successo.
Wed Jul 22 12:10:52 CEST 2020 Creazione tabella RCUGAS.RCUGAS_PDR_DATIPRELIEVO_p completata con successo.
Wed Jul 22 12:10:52 CEST 2020 Importazione tabella RCUGAS.RCUGAS_PDR_DATIPRELIEVO completato
Wed Jul 22 12:11:14 CEST 2020 Importazione dati tabella RCU.RCU_FORNITURA completata con successo.
Wed Jul 22 12:12:02 CEST 2020 Creazione tabella RCU.RCU_FORNITURA_p completata con successo.
Wed Jul 22 12:12:02 CEST 2020 Importazione tabella RCU.RCU_FORNITURA completato
Wed Jul 22 12:11:45 CEST 2020 Importazione dati tabella RCUS.RCUS_FORNITURA completata con successo.
Wed Jul 22 12:12:57 CEST 2020 Creazione tabella RCUS.RCUS_FORNITURA_p completata con successo.
Wed Jul 22 12:12:57 CEST 2020 Importazione tabella RCUS.RCUS_FORNITURA completato
Wed Jul 22 12:14:30 CEST 2020 Importazione dati tabella RCU.RCU_POD completata con successo.
Wed Jul 22 12:15:22 CEST 2020 Creazione tabella RCU.RCU_POD_p completata con successo.
Wed Jul 22 12:15:22 CEST 2020 Importazione tabella RCU.RCU_POD completato
Wed Jul 22 12:16:04 CEST 2020 Importazione dati tabella RCU.RCU_POD_TECN completata con successo.
Wed Jul 22 12:17:14 CEST 2020 Creazione tabella RCU.RCU_POD_TECN_p completata con successo.
Wed Jul 22 12:17:14 CEST 2020 Importazione tabella RCU.RCU_POD_TECN completato
Wed Jul 22 12:17:15 CEST 2020 Tutte le operazioni sono concluse
